Watching for file changes with StatReloader
"GET / HTTP/1.1" 200 12068
"GET /admin/ HTTP/1.1" 302 0
"GET /admin/login/?next=/admin/ HTTP/1.1" 200 4173
"GET /static/admin/css/dark_mode.css HTTP/1.1" 200 2808
"GET /static/admin/css/nav_sidebar.css HTTP/1.1" 200 2810
"GET /static/admin/css/responsive.css HTTP/1.1" 200 16565
"GET /static/admin/css/login.css HTTP/1.1" 200 951
"GET /static/admin/css/base.css HTTP/1.1" 200 22120
"GET /static/admin/js/theme.js HTTP/1.1" 200 1653
"GET /static/admin/js/nav_sidebar.js HTTP/1.1" 200 3063
"POST /admin/login/?next=/admin/ HTTP/1.1" 302 0
"GET /admin/ HTTP/1.1" 200 7129
"GET /static/admin/css/dashboard.css HTTP/1.1" 200 441
"GET /static/admin/img/icon-addlink.svg HTTP/1.1" 200 331
"GET /static/admin/img/icon-changelink.svg HTTP/1.1" 200 380
Internal Server Error: /admin/notes/note/
Traceback (most recent call last):
  File "C:\Users\formo\Desktop\NewProjects\notes_drf\venv\Lib\site-packages\django\db\backends\utils.py", line 105, in _execute
    return self.cursor.execute(sql, params)
           ^^^^^^^^^^^^^^^^^^^^^^^^^^^^^^^^
psycopg2.errors.UndefinedTable: ОШИБКА:  отношение "notes_note" не существует
LINE 1: SELECT COUNT(*) AS "__count" FROM "notes_note"
                                          ^


The above exception was the direct cause of the following exception:

Traceback (most recent call last):
  File "C:\Users\formo\Desktop\NewProjects\notes_drf\venv\Lib\site-packages\django\core\handlers\exception.py", line 55, in inner
    response = get_response(request)
               ^^^^^^^^^^^^^^^^^^^^^
  File "C:\Users\formo\Desktop\NewProjects\notes_drf\venv\Lib\site-packages\django\core\handlers\base.py", line 197, in _get_response
    response = wrapped_callback(request, *callback_args, **callback_kwargs)
               ^^^^^^^^^^^^^^^^^^^^^^^^^^^^^^^^^^^^^^^^^^^^^^^^^^^^^^^^^^^^
  File "C:\Users\formo\AppData\Local\Programs\Python\Python311\Lib\contextlib.py", line 81, in inner
    return func(*args, **kwds)
           ^^^^^^^^^^^^^^^^^^^
  File "C:\Users\formo\Desktop\NewProjects\notes_drf\venv\Lib\site-packages\django\contrib\admin\options.py", line 720, in wrapper
    return self.admin_site.admin_view(view)(*args, **kwargs)
           ^^^^^^^^^^^^^^^^^^^^^^^^^^^^^^^^^^^^^^^^^^^^^^^^^
  File "C:\Users\formo\Desktop\NewProjects\notes_drf\venv\Lib\site-packages\django\utils\decorators.py", line 192, in _view_wrapper
    result = _process_exception(request, e)
             ^^^^^^^^^^^^^^^^^^^^^^^^^^^^^^
  File "C:\Users\formo\Desktop\NewProjects\notes_drf\venv\Lib\site-packages\django\utils\decorators.py", line 190, in _view_wrapper
    response = view_func(request, *args, **kwargs)
               ^^^^^^^^^^^^^^^^^^^^^^^^^^^^^^^^^^^
  File "C:\Users\formo\Desktop\NewProjects\notes_drf\venv\Lib\site-packages\django\views\decorators\cache.py", line 80, in _view_wrapper
    response = view_func(request, *args, **kwargs)
               ^^^^^^^^^^^^^^^^^^^^^^^^^^^^^^^^^^^
  File "C:\Users\formo\Desktop\NewProjects\notes_drf\venv\Lib\site-packages\django\contrib\admin\sites.py", line 246, in inner
    return view(request, *args, **kwargs)
           ^^^^^^^^^^^^^^^^^^^^^^^^^^^^^^
  File "C:\Users\formo\Desktop\NewProjects\notes_drf\venv\Lib\site-packages\django\utils\decorators.py", line 48, in _wrapper
    return bound_method(*args, **kwargs)
           ^^^^^^^^^^^^^^^^^^^^^^^^^^^^^
  File "C:\Users\formo\Desktop\NewProjects\notes_drf\venv\Lib\site-packages\django\utils\decorators.py", line 192, in _view_wrapper
    result = _process_exception(request, e)
             ^^^^^^^^^^^^^^^^^^^^^^^^^^^^^^
  File "C:\Users\formo\Desktop\NewProjects\notes_drf\venv\Lib\site-packages\django\utils\decorators.py", line 190, in _view_wrapper
    response = view_func(request, *args, **kwargs)
               ^^^^^^^^^^^^^^^^^^^^^^^^^^^^^^^^^^^
  File "C:\Users\formo\Desktop\NewProjects\notes_drf\venv\Lib\site-packages\django\contrib\admin\options.py", line 2025, in changelist_view
    cl = self.get_changelist_instance(request)
         ^^^^^^^^^^^^^^^^^^^^^^^^^^^^^^^^^^^^^
  File "C:\Users\formo\Desktop\NewProjects\notes_drf\venv\Lib\site-packages\django\contrib\admin\options.py", line 868, in get_changelist_instance
    return ChangeList(
           ^^^^^^^^^^^
  File "C:\Users\formo\Desktop\NewProjects\notes_drf\venv\Lib\site-packages\django\contrib\admin\views\main.py", line 146, in __init__
    self.get_results(request)
  File "C:\Users\formo\Desktop\NewProjects\notes_drf\venv\Lib\site-packages\django\contrib\admin\views\main.py", line 313, in get_results
    result_count = paginator.count
                   ^^^^^^^^^^^^^^^
  File "C:\Users\formo\Desktop\NewProjects\notes_drf\venv\Lib\site-packages\django\utils\functional.py", line 47, in __get__
    res = instance.__dict__[self.name] = self.func(instance)
                                         ^^^^^^^^^^^^^^^^^^^
  File "C:\Users\formo\Desktop\NewProjects\notes_drf\venv\Lib\site-packages\django\core\paginator.py", line 110, in count
    return c()
           ^^^
  File "C:\Users\formo\Desktop\NewProjects\notes_drf\venv\Lib\site-packages\django\db\models\query.py", line 606, in count
    return self.query.get_count(using=self.db)
           ^^^^^^^^^^^^^^^^^^^^^^^^^^^^^^^^^^^
  File "C:\Users\formo\Desktop\NewProjects\notes_drf\venv\Lib\site-packages\django\db\models\sql\query.py", line 646, in get_count
    return obj.get_aggregation(using, {"__count": Count("*")})["__count"]
           ^^^^^^^^^^^^^^^^^^^^^^^^^^^^^^^^^^^^^^^^^^^^^^^^^^^
  File "C:\Users\formo\Desktop\NewProjects\notes_drf\venv\Lib\site-packages\django\db\models\sql\query.py", line 628, in get_aggregation
    result = compiler.execute_sql(SINGLE)
             ^^^^^^^^^^^^^^^^^^^^^^^^^^^^
  File "C:\Users\formo\Desktop\NewProjects\notes_drf\venv\Lib\site-packages\django\db\models\sql\compiler.py", line 1623, in execute_sql
    cursor.execute(sql, params)
  File "C:\Users\formo\Desktop\NewProjects\notes_drf\venv\Lib\site-packages\django\db\backends\utils.py", line 122, in execute
    return super().execute(sql, params)
           ^^^^^^^^^^^^^^^^^^^^^^^^^^^^
  File "C:\Users\formo\Desktop\NewProjects\notes_drf\venv\Lib\site-packages\django\db\backends\utils.py", line 79, in execute
    return self._execute_with_wrappers(
           ^^^^^^^^^^^^^^^^^^^^^^^^^^^^
  File "C:\Users\formo\Desktop\NewProjects\notes_drf\venv\Lib\site-packages\django\db\backends\utils.py", line 92, in _execute_with_wrappers
    return executor(sql, params, many, context)
           ^^^^^^^^^^^^^^^^^^^^^^^^^^^^^^^^^^^^
  File "C:\Users\formo\Desktop\NewProjects\notes_drf\venv\Lib\site-packages\django\db\backends\utils.py", line 100, in _execute
    with self.db.wrap_database_errors:
  File "C:\Users\formo\Desktop\NewProjects\notes_drf\venv\Lib\site-packages\django\db\utils.py", line 91, in __exit__
    raise dj_exc_value.with_traceback(traceback) from exc_value
  File "C:\Users\formo\Desktop\NewProjects\notes_drf\venv\Lib\site-packages\django\db\backends\utils.py", line 105, in _execute
    return self.cursor.execute(sql, params)
           ^^^^^^^^^^^^^^^^^^^^^^^^^^^^^^^^
django.db.utils.ProgrammingError: ОШИБКА:  отношение "notes_note" не существует
LINE 1: SELECT COUNT(*) AS "__count" FROM "notes_note"
                                          ^

"GET /admin/notes/note/ HTTP/1.1" 500 198387
Watching for file changes with StatReloader
"GET /admin/notes/note/ HTTP/1.1" 200 10626
"GET /admin/jsi18n/ HTTP/1.1" 200 3342
"GET /static/admin/css/changelists.css HTTP/1.1" 200 6878
"GET /static/admin/js/jquery.init.js HTTP/1.1" 200 347
"GET /static/admin/js/prepopulate.js HTTP/1.1" 200 1531
"GET /static/admin/js/urlify.js HTTP/1.1" 200 7887
"GET /static/admin/js/core.js HTTP/1.1" 200 6208
"GET /static/admin/img/search.svg HTTP/1.1" 200 458
"GET /static/admin/js/vendor/xregexp/xregexp.js HTTP/1.1" 200 325171
"GET /static/admin/js/admin/RelatedObjectLookups.js HTTP/1.1" 200 9777
"GET /static/admin/js/actions.js HTTP/1.1" 200 8076
"GET /static/admin/js/vendor/jquery/jquery.js HTTP/1.1" 200 285314
"GET /static/admin/js/filters.js HTTP/1.1" 200 978
"GET /static/admin/img/icon-viewlink.svg HTTP/1.1" 200 581
"GET /static/admin/img/tooltag-add.svg HTTP/1.1" 200 331
"GET /admin/notes/note/ HTTP/1.1" 200 10626
"GET /admin/jsi18n/ HTTP/1.1" 200 3342
"GET /admin/notes/note/?_facets=True HTTP/1.1" 200 10921
"GET /admin/jsi18n/ HTTP/1.1" 200 3342
"GET /static/admin/img/icon-hidelink.svg HTTP/1.1" 200 784
"GET /admin/notes/note/? HTTP/1.1" 200 10626
"GET /admin/jsi18n/ HTTP/1.1" 200 3342
"GET /admin/notes/note/add/ HTTP/1.1" 200 11771
"GET /static/admin/css/forms.css HTTP/1.1" 200 8525
"GET /static/admin/js/prepopulate_init.js HTTP/1.1" 200 586
"GET /static/admin/css/widgets.css HTTP/1.1" 200 11973
"GET /static/admin/js/change_form.js HTTP/1.1" 200 606
"GET /admin/jsi18n/ HTTP/1.1" 200 3342
"POST /admin/notes/note/add/ HTTP/1.1" 302 0
"GET /admin/notes/note/ HTTP/1.1" 200 12827
"GET /admin/jsi18n/ HTTP/1.1" 200 3342
"GET /static/admin/img/icon-yes.svg HTTP/1.1" 200 436
"GET /static/admin/img/sorting-icons.svg HTTP/1.1" 200 1097
"GET /admin/notes/note/1/change/ HTTP/1.1" 200 12053
"GET /admin/jsi18n/ HTTP/1.1" 200 3342
C:\Users\formo\Desktop\NewProjects\notes_drf\apps\notes\admin.py changed, reloading.
Watching for file changes with StatReloader
"GET /admin/notes/note/1/change/ HTTP/1.1" 200 12007
"GET /admin/jsi18n/ HTTP/1.1" 200 3342
C:\Users\formo\Desktop\NewProjects\notes_drf\apps\notes\admin.py changed, reloading.
Watching for file changes with StatReloader
"GET /admin/notes/note/1/change/ HTTP/1.1" 200 12053
"GET /admin/jsi18n/ HTTP/1.1" 200 3342
"GET /admin/ HTTP/1.1" 200 7517
Watching for file changes with StatReloader
"GET /admin/ HTTP/1.1" 200 7517
"GET /api/v1/notes HTTP/1.1" 301 0
"GET /api/v1/notes/ HTTP/1.1" 200 140
"GET /api/v1/notes HTTP/1.1" 301 0
"GET /api/v1/notes/ HTTP/1.1" 200 140
Internal Server Error: /api/v1/notes
Traceback (most recent call last):
  File "C:\Users\formo\Desktop\NewProjects\notes_drf\venv\Lib\site-packages\django\core\handlers\exception.py", line 55, in inner
    response = get_response(request)
               ^^^^^^^^^^^^^^^^^^^^^
  File "C:\Users\formo\Desktop\NewProjects\notes_drf\venv\Lib\site-packages\django\utils\deprecation.py", line 122, in __call__
    response = self.process_response(request, response)
               ^^^^^^^^^^^^^^^^^^^^^^^^^^^^^^^^^^^^^^^^
  File "C:\Users\formo\Desktop\NewProjects\notes_drf\venv\Lib\site-packages\django\middleware\common.py", line 108, in process_response
    return self.response_redirect_class(self.get_full_path_with_slash(request))
                                        ^^^^^^^^^^^^^^^^^^^^^^^^^^^^^^^^^^^^^^
  File "C:\Users\formo\Desktop\NewProjects\notes_drf\venv\Lib\site-packages\django\middleware\common.py", line 87, in get_full_path_with_slash
    raise RuntimeError(
RuntimeError: You called this URL via POST, but the URL doesn't end in a slash and you have APPEND_SLASH set. Django can't redirect to the slash URL while maintaining POST data. Change your form to point to 127.0.0.1:8000/api/v1/notes/ (note the trailing slash), or set APPEND_SLASH=False in your Django settings.
"POST /api/v1/notes HTTP/1.1" 500 75271
"POST /api/v1/notes/ HTTP/1.1" 201 138
"GET /admin/notes/note/ HTTP/1.1" 200 13012
"GET /static/admin/css/base.css HTTP/1.1" 304 0
"GET /static/admin/css/responsive.css HTTP/1.1" 304 0
"GET /static/admin/js/vendor/jquery/jquery.js HTTP/1.1" 304 0
"GET /static/admin/css/dark_mode.css HTTP/1.1" 304 0
"GET /static/admin/js/jquery.init.js HTTP/1.1" 304 0
"GET /static/admin/css/nav_sidebar.css HTTP/1.1" 304 0
"GET /static/admin/js/core.js HTTP/1.1" 304 0
"GET /static/admin/js/admin/RelatedObjectLookups.js HTTP/1.1" 304 0
"GET /static/admin/js/actions.js HTTP/1.1" 304 0
"GET /static/admin/js/urlify.js HTTP/1.1" 304 0
"GET /static/admin/js/theme.js HTTP/1.1" 304 0
"GET /static/admin/css/changelists.css HTTP/1.1" 304 0
"GET /static/admin/js/vendor/xregexp/xregexp.js HTTP/1.1" 304 0
"GET /static/admin/js/prepopulate.js HTTP/1.1" 304 0
"GET /static/admin/img/search.svg HTTP/1.1" 304 0
"GET /static/admin/js/nav_sidebar.js HTTP/1.1" 304 0
"GET /static/admin/js/filters.js HTTP/1.1" 304 0
"GET /admin/jsi18n/ HTTP/1.1" 200 3342
"GET /static/admin/img/icon-viewlink.svg HTTP/1.1" 304 0
"GET /static/admin/img/sorting-icons.svg HTTP/1.1" 304 0
"GET /static/admin/img/icon-addlink.svg HTTP/1.1" 304 0
"GET /static/admin/img/tooltag-add.svg HTTP/1.1" 304 0
Watching for file changes with StatReloader
"GET /api/v1/notes/1/ HTTP/1.1" 200 138
"PATCH /api/v1/notes/1/ HTTP/1.1" 200 134
"PUT /api/v1/notes/1/ HTTP/1.1" 200 134
"PUT /api/v1/notes/1/ HTTP/1.1" 200 138
